exports[`typeSystem supports flow 1`] = `
Object {
  "content": "// @flow


function testFunction(arg) {
  return arg * 2
}
",
}
`;
